src/app/page.tsx(106,9): error TS2322: Type '{ activeCount: number; videosWipCount: number; overdueCount: number; completedCount: number; }' is not assignable to type 'IntrinsicAttributes & DashboardStatsProps'.
  Property 'activeCount' does not exist on type 'IntrinsicAttributes & DashboardStatsProps'.
